Microchip MPLAB XC8 Compiler V2.45

Linker command line:

-W-3 \
  --edf=C:\Program Files\Microchip\xc8\v2.45\pic\dat\20230818022343_en.msgs \
  -cn -h+dist/default/debug\Microwave_Oven.X.debug.sym \
  --cmf=dist/default/debug\Microwave_Oven.X.debug.cmf -z -Q16F877A \
  -oC:\Users\appra\AppData\Local\Temp\xcAsrf4.\driver_tmp_3.o \
  --defsym=__MPLAB_BUILD=1 --fixupoverflow=error \
  -Mdist/default/debug/Microwave_Oven.X.debug.map \
  --md=C:\Users\appra\AppData\Local\Temp\xcAsrf4.\driver_tmp_0.dat -E1 \
  -ver=XC8 Compiler --acfsm=1493 -ACODE=00h-07FFhx4 -ASTRCODE=00h-01FFFh \
  -ASTRING=00h-0FFhx32 -ACONST=00h-0FFhx32 -AENTRY=00h-0FFhx32 \
  -ACOMMON=070h-07Fh -ABANK0=020h-06Fh -ABANK1=0A0h-0EFh \
  -ABANK2=0110h-016Fh -ABANK3=0190h-01EFh \
  -ARAM=020h-06Fh,0A0h-0EFh,0110h-016Fh,0190h-01EFh \
  -AABS1=020h-07Fh,0A0h-0EFh,0110h-016Fh,0190h-01EFh -ASFR0=00h-01Fh \
  -ASFR1=080h-09Fh -ASFR2=0100h-010Fh -ASFR3=0180h-018Fh \
  -ACONFIG=02007h-02007h -DCONFIG=2 -AIDLOC=02000h-02003h -DIDLOC=2 \
  -AEEDATA=00h-0FFh/02100h -peeprom_data=EEDATA -DEEDATA=2 -DCODE=2 \
  -DSTRCODE=2 -DSTRING=2 -DCONST=2 -DENTRY=2 \
  -preset_vec=00h,intentry,init,end_init -ppowerup=CODE -pcinit=CODE \
  -pfunctab=ENTRY -k \
  C:\Users\appra\AppData\Local\Temp\xcAsrf4.\driver_tmp_12.o \
  dist/default/debug\Microwave_Oven.X.debug.o 

Object code version is 3.11

Machine type is 16F877A



                Name                               Link     Load   Length Selector   Space Scale
C:\Users\appra\AppData\Local\Temp\xcAsrf4.\driver_tmp_12.o
                end_init                              0        0        3        0       0
                config                             2007     2007        1        0       4
                idloc                              2000     2000        4        0       5
dist/default/debug\Microwave_Oven.X.debug.o
                cinit                               7ED      7ED       13      FDA       0
                config                             2007     2007        1        0       4
                idloc                              2000     2000        4        0       5
                text21                              ED6      ED6       36     1DAC       0
                text20                              F42      F42       57     1E84       0
                text19                              DD3      DD3        B     1BA6       0
                text18                              DEB      DEB       10     1BD6       0
                text17                              DDE      DDE        D     1BBC       0
                text16                              E10      E10       1E     1C20       0
                text15                              EA7      EA7       2F     1D4E       0
                text14                              E7A      E7A       2D     1CF4       0
                text13                              F99      F99       67     1F32       0
                text12                                6        6       59        C       0
                text11                              E2E      E2E       25     1C5C       0
                text10                              DFB      DFB       15     1BF6       0
                text9                               DC3      DC3        8     1B86       0
                text8                               F0C      F0C       36     1E18       0
                text7                               5E7      5E7      206      BCE       0
                text6                               3F4      3F4      1F3      7E8       0
                text5                               215      215       DD      42A       0
                text4                                CD       CD       9C      19A       0
                text3                                5F       5F       6E       BE       0
                text2                               169      169       AC      2D2       0
                text1                               E53      E53       27     1CA6       0
                maintext                            2F2      2F2      102      5E4       0
                cstackBANK0                          44       44        D       20       1
                cstackCOMMON                         70       70        E       70       1
                clrtext                             DCB      DCB        8     1B96       0
                dataBANK0                            51       51        1       20       1
                bssBANK0                             20       20       24       20       1
                stringtext                          800      800      133       10       0
                strings                             933      933       12     1266       0
                idataBANK0                            5        5        1        A       0

TOTAL           Name                               Link     Load   Length     Space
        CLASS   CODE           
                end_init                              0        0        3         0
                cinit                               7ED      7ED       13         0
                text21                              ED6      ED6       36         0
                text20                              F42      F42       57         0
                text19                              DD3      DD3        B         0
                text18                              DEB      DEB       10         0
                text17                              DDE      DDE        D         0
                text16                              E10      E10       1E         0
                text15                              EA7      EA7       2F         0
                text14                              E7A      E7A       2D         0
                text13                              F99      F99       67         0
                text12                                6        6       59         0
                text11                              E2E      E2E       25         0
                text10                              DFB      DFB       15         0
                text9                               DC3      DC3        8         0
                text8                               F0C      F0C       36         0
                text7                               5E7      5E7      206         0
                text6                               3F4      3F4      1F3         0
                text5                               215      215       DD         0
                text4                                CD       CD       9C         0
                text3                                5F       5F       6E         0
                text2                               169      169       AC         0
                text1                               E53      E53       27         0
                maintext                            2F2      2F2      102         0
                clrtext                             DCB      DCB        8         0
                idataBANK0                            5        5        1         0

        CLASS   STRCODE        
                stringtext                          800      800      133         0

        CLASS   STRING         
                strings                             933      933       12         0

        CLASS   CONST          

        CLASS   ENTRY          

        CLASS   COMMON         
                cstackCOMMON                         70       70        E         1

        CLASS   BANK0          
                cstackBANK0                          44       44        D         1
                dataBANK0                            51       51        1         1
                bssBANK0                             20       20       24         1

        CLASS   BANK1          

        CLASS   BANK2          

        CLASS   BANK3          

        CLASS   RAM            

        CLASS   ABS1           
                abs_s1                               7E       7E        2         1

        CLASS   SFR0           

        CLASS   SFR1           

        CLASS   SFR2           

        CLASS   SFR3           

        CLASS   CONFIG         
                config                             2007     2007        1         4

        CLASS   IDLOC          
                idloc                              2000     2000        4         5

        CLASS   EEDATA         

        CLASS   HEAP           

        CLASS   STACK          



SEGMENTS        Name                           Load    Length   Top    Selector   Space  Class     Delta

                reset_vec                      000000  000003  000003         0       0  CODE        2
                idataBANK0                     000005  000001  000006         A       0  CODE        2
                text12                         000006  000059  00005F         C       0  CODE        2
                bssBANK0                       000020  000032  000052        20       1  BANK0       1
                cstackCOMMON                   000070  00000E  00007E        70       1  COMMON      1
                text3                          00005F  00006E  0000CD        BE       0  CODE        2
                text4                          0000CD  00009C  000169       19A       0  CODE        2
                text2                          000169  0000AC  000215       2D2       0  CODE        2
                text5                          000215  0000DD  0002F2       42A       0  CODE        2
                maintext                       0002F2  000102  0003F4       5E4       0  CODE        2
                text6                          0003F4  0001F3  0005E7       7E8       0  CODE        2
                text7                          0005E7  000206  0007ED       BCE       0  CODE        2
                cinit                          0007ED  000013  000800       FDA       0  CODE        2
                stringtext                     000800  000133  000933        10       0  STRCODE     2
                strings                        000933  000012  000945      1266       0  STRING      2
                text9                          000DC3  000008  000DCB      1B86       0  CODE        2
                clrtext                        000DCB  000008  000DD3      1B96       0  CODE        2
                text19                         000DD3  00000B  000DDE      1BA6       0  CODE        2
                text17                         000DDE  00000D  000DEB      1BBC       0  CODE        2
                text18                         000DEB  000010  000DFB      1BD6       0  CODE        2
                text10                         000DFB  000015  000E10      1BF6       0  CODE        2
                text16                         000E10  00001E  000E2E      1C20       0  CODE        2
                text11                         000E2E  000025  000E53      1C5C       0  CODE        2
                text1                          000E53  000027  000E7A      1CA6       0  CODE        2
                text14                         000E7A  00002D  000EA7      1CF4       0  CODE        2
                text15                         000EA7  00002F  000ED6      1D4E       0  CODE        2
                text21                         000ED6  000036  000F0C      1DAC       0  CODE        2
                text8                          000F0C  000036  000F42      1E18       0  CODE        2
                text20                         000F42  000057  000F99      1E84       0  CODE        2
                text13                         000F99  000067  001000      1F32       0  CODE        2


UNUSED ADDRESS RANGES

        Name                Unused          Largest block    Delta
        BANK0            0052-006F             1E           1
        BANK1            00A0-00EF             50           1
        BANK2            0110-016F             60           1
        BANK3            0190-01EF             60           1
        CODE             0003-0004              2           2
                         0945-0DC2            47E
                         1000-1FFF            800
        CONST            0003-0004              2           2
                         0945-0DC2            100
                         1000-1FFF            100
        EEDATA           2100-21FF            100           2
        ENTRY            0003-0004              2           2
                         0945-0DC2            100
                         1000-1FFF            100
        RAM              0052-006F             1E           1
                         00A0-00EF             50
                         0110-016F             60
                         0190-01EF             60
        SFR0             0000-001F             20           1
        SFR1             0080-009F             20           1
        SFR2             0100-010F             10           1
        SFR3             0180-018F             10           1
        STRCODE          0003-0004              2           2
                         0945-0DC2            47E
                         1000-1FFF           1000
        STRING           0003-0004              2           2
                         0945-0DC2            100
                         1000-1FFF            100

                                  Symbol Table

?___awdiv                        cstackCOMMON 0070
?___awmod                        cstackCOMMON 0078
?___wmul                         cstackCOMMON 0070
_GIE                             (abs)        005F
_PEIE                            (abs)        005E
_PORTD                           (abs)        0008
_PR2                             (abs)        0092
_RB0                             (abs)        0030
_RB1                             (abs)        0031
_RB2                             (abs)        0032
_RB3                             (abs)        0033
_RC1                             (abs)        0039
_RC2                             (abs)        003A
_RD0                             (abs)        0040
_RD1                             (abs)        0041
_RD2                             (abs)        0042
_RD3                             (abs)        0043
_RE1                             (abs)        0049
_RE2                             (abs)        004A
_T2CKPS0                         (abs)        0090
_T2CKPS1                         (abs)        0091
_TMR2IE                          (abs)        0461
_TMR2ON                          (abs)        0092
_TRISB                           (abs)        0086
_TRISC1                          (abs)        0439
_TRISC2                          (abs)        043A
_TRISD                           (abs)        0088
_TRISE1                          (abs)        0449
_TRISE2                          (abs)        044A
__H__absolute__                  __absolute__ 0000
__Habs1                          abs1         0000
__Hbank0                         bank0        0000
__Hbank1                         bank1        0000
__Hbank2                         bank2        0000
__Hbank3                         bank3        0000
__HbssBANK0                      bssBANK0     0000
__Hcinit                         cinit        0800
__Hclrtext                       clrtext      0000
__Hcode                          code         0000
__Hcommon                        common       0000
__Hconfig                        config       2008
__HcstackBANK0                   cstackBANK0  0000
__HcstackCOMMON                  cstackCOMMON 0000
__HdataBANK0                     dataBANK0    0000
__Heeprom_data                   eeprom_data  0000
__Hend_init                      end_init     0003
__Hfunctab                       functab      0000
__Hheap                          heap         0000
__HidataBANK0                    idataBANK0   0000
__Hidloc                         idloc        2004
__Hinit                          init         0000
__Hintentry                      intentry     0000
__Hmaintext                      maintext     0000
__Hpowerup                       powerup      0000
__Hram                           ram          0000
__Hreset_vec                     reset_vec    0000
__Hsfr0                          sfr0         0000
__Hsfr1                          sfr1         0000
__Hsfr2                          sfr2         0000
__Hsfr3                          sfr3         0000
__Hspace_0                       (abs)        1000
__Hspace_1                       (abs)        007E
__Hspace_2                       (abs)        0000
__Hspace_3                       (abs)        0000
__Hspace_4                       (abs)        400F
__Hstack                         stack        0000
__Hstrings                       strings      0000
__Hstringtext                    stringtext   0000
__Htext                          text         0000
__L__absolute__                  __absolute__ 0000
__Labs1                          abs1         0000
__Lbank0                         bank0        0000
__Lbank1                         bank1        0000
__Lbank2                         bank2        0000
__Lbank3                         bank3        0000
__LbssBANK0                      bssBANK0     0000
__Lcinit                         cinit        07ED
__Lclrtext                       clrtext      0000
__Lcode                          code         0000
__Lcommon                        common       0000
__Lconfig                        config       0000
__LcstackBANK0                   cstackBANK0  0000
__LcstackCOMMON                  cstackCOMMON 0000
__LdataBANK0                     dataBANK0    0000
__Leeprom_data                   eeprom_data  0000
__Lend_init                      end_init     0000
__Lfunctab                       functab      0000
__Lheap                          heap         0000
__LidataBANK0                    idataBANK0   0000
__Lidloc                         idloc        0000
__Linit                          init         0000
__Lintentry                      intentry     0000
__Lmaintext                      maintext     0000
__Lpowerup                       powerup      0000
__Lram                           ram          0000
__Lreset_vec                     reset_vec    0000
__Lsfr0                          sfr0         0000
__Lsfr1                          sfr1         0000
__Lsfr2                          sfr2         0000
__Lsfr3                          sfr3         0000
__Lspace_0                       (abs)        0000
__Lspace_1                       (abs)        0000
__Lspace_2                       (abs)        0000
__Lspace_3                       (abs)        0000
__Lspace_4                       (abs)        0000
__Lstack                         stack        0000
__Lstrings                       strings      0000
__Lstringtext                    stringtext   0000
__Ltext                          text         0000
__S0                             (abs)        1000
__S1                             (abs)        007E
__S3                             (abs)        0000
___awdiv                         text13       0F99
___awdiv@counter                 cstackCOMMON 0074
___awdiv@dividend                cstackCOMMON 0072
___awdiv@divisor                 cstackCOMMON 0070
___awdiv@quotient                cstackCOMMON 0076
___awdiv@sign                    cstackCOMMON 0075
___awmod                         text12       0006
___awmod@counter                 cstackCOMMON 007C
___awmod@dividend                cstackCOMMON 007A
___awmod@divisor                 cstackCOMMON 0078
___awmod@sign                    cstackCOMMON 007D
___heap_hi                       (abs)        0000
___heap_lo                       (abs)        0000
___int_sp                        stack        0000
___int_stack_hi                  stack        0000
___int_stack_lo                  stack        0000
___latbits                       (abs)        0002
___sp                            stack        0000
___stack_hi                      stack        0000
___stack_lo                      stack        0000
___stackhi                       (abs)        0000
___stacklo                       (abs)        0000
___wmul                          text11       0E2E
___wmul@multiplicand             cstackCOMMON 0072
___wmul@multiplier               cstackCOMMON 0070
___wmul@product                  cstackCOMMON 0074
__end_of___awdiv                 text13       1000
__end_of___awmod                 text12       005F
__end_of___wmul                  text11       0E53
__end_of__initialization         cinit        07FC
__end_of__stringtab              strings      0945
__end_of_clcd_print              text15       0ED6
__end_of_clcd_putch              text10       0E10
__end_of_clcd_write              text21       0F0C
__end_of_clear_display           text9        0DCB
__end_of_cooking_mode_display    text14       0EA7
__end_of_door_status_check       text8        0F42
__end_of_init_clcd               text19       0DDE
__end_of_init_config             text16       0E2E
__end_of_init_display_controller text20       0F99
__end_of_init_matrix_keypad      text18       0DFB
__end_of_init_timer2             text17       0DEB
__end_of_main                    maintext     03F4
__end_of_opearation_call         text4        0169
__end_of_power_on_screen         text3        00CD
__end_of_read_matrix_keypad      text1        0E7A
__end_of_scan_keypad             text2        0215
__end_of_set_temp                text7        07ED
__end_of_set_time                text6        05E7
__end_of_time_display            text5        02F2
__initialization                 cinit        07ED
__pbssBANK0                      bssBANK0     0020
__pcstackBANK0                   cstackBANK0  0044
__pcstackCOMMON                  cstackCOMMON 0070
__pdataBANK0                     dataBANK0    0051
__pidataBANK0                    idataBANK0   0005
__pmaintext                      maintext     02F2
__pstrings                       strings      0933
__pstringtext                    stringtext   0800
__ptext1                         text1        0E53
__ptext10                        text10       0DFB
__ptext11                        text11       0E2E
__ptext12                        text12       0006
__ptext13                        text13       0F99
__ptext14                        text14       0E7A
__ptext15                        text15       0EA7
__ptext16                        text16       0E10
__ptext17                        text17       0DDE
__ptext18                        text18       0DEB
__ptext19                        text19       0DD3
__ptext2                         text2        0169
__ptext20                        text20       0F42
__ptext21                        text21       0ED6
__ptext3                         text3        005F
__ptext4                         text4        00CD
__ptext5                         text5        0215
__ptext6                         text6        03F4
__ptext7                         text7        05E7
__ptext8                         text8        0F0C
__ptext9                         text9        0DC3
__stringbase                     strings      0945
__stringtab                      strings      0933
_clcd_print                      text15       0EA7
_clcd_putch                      text10       0DFB
_clcd_write                      text21       0ED6
_clear_display                   text9        0DC3
_cooking_mode_display            text14       0E7A
_door_status_check               text8        0F0C
_flag                            bssBANK0     0032
_heat_flag                       bssBANK0     0030
_init_clcd                       text19       0DD3
_init_config                     text16       0E10
_init_display_controller         text20       0F42
_init_matrix_keypad              text18       0DEB
_init_timer2                     text17       0DDE
_main                            maintext     02F2
_min                             bssBANK0     0038
_min_array                       bssBANK0     003E
_nRBPU                           (abs)        040F
_opearation_call                 text4        00CD
_operation_mode                  bssBANK0     003C
_power_on_screen                 text3        005F
_read_matrix_keypad              text1        0E53
_reset_flag                      bssBANK0     003A
_ret                             bssBANK0     0034
_scan_keypad                     text2        0169
_sec                             bssBANK0     0036
_sec_array                       bssBANK0     0041
_set_temp                        text7        05E7
_set_time                        text6        03F4
_time_display                    text5        0215
btemp                            (abs)        007E
clcd_print@addr                  cstackCOMMON 0076
clcd_print@str                   cstackCOMMON 0074
clcd_putch@addr                  cstackBANK0  0044
clcd_putch@data                  cstackBANK0  0045
clcd_write@byte                  cstackCOMMON 0073
clcd_write@mode                  cstackCOMMON 0070
clear_ram0                       clrtext      0DCB
end_of_initialization            cinit        07FC
intlevel0                        functab      0000
intlevel1                        functab      0000
intlevel2                        functab      0000
intlevel3                        functab      0000
intlevel4                        functab      0000
intlevel5                        functab      0000
main@key                         cstackBANK0  0050
opearation_call@key              cstackBANK0  004C
power_on_screen@i                cstackBANK0  0049
power_on_screen@i_126            cstackBANK0  004B
read_matrix_keypad@key           cstackCOMMON 0073
read_matrix_keypad@mode          cstackCOMMON 0072
read_matrix_keypad@once          dataBANK0    0051
reset_vec                        reset_vec    0000
scan_keypad@i                    cstackCOMMON 0070
set_temp@blink                   bssBANK0     0026
set_temp@key                     cstackBANK0  0049
set_temp@key_count               bssBANK0     0022
set_temp@temp                    bssBANK0     0020
set_temp@wait                    bssBANK0     0024
set_time@blink                   bssBANK0     002E
set_time@blink_pos               bssBANK0     002A
set_time@key                     cstackBANK0  0046
set_time@key_count               bssBANK0     0028
set_time@wait                    bssBANK0     002C
start                            init         0000
start_initialization             cinit        07ED
wtemp0                           (abs)        007E


MODULE INFORMATION

Module		Function		Class		Link	Load	Size
C:\Program Files\Microchip\xc8\v2.45\pic\sources\c99\common\Umul16.c
		___wmul        		CODE           	0E2E	0000	37

C:\Program Files\Microchip\xc8\v2.45\pic\sources\c99\common\Umul16.c estimated size: 37

timers.c
		_init_timer2   		CODE           	0DDE	0000	13

timers.c estimated size: 13

matrix_kaypad.c
		_init_matrix_keypad		CODE           	0DEB	0000	16
		_read_matrix_keypad		CODE           	0E53	0000	39
		_scan_keypad   		CODE           	0169	0000	172

matrix_kaypad.c estimated size: 227

C:\Program Files\Microchip\xc8\v2.45\pic\sources\c99\common\awmod.c
		___awmod       		CODE           	0006	0000	89

C:\Program Files\Microchip\xc8\v2.45\pic\sources\c99\common\awmod.c estimated size: 89

shared
		__stringtab    		STRING         	0933	0000	18
		__initialization		CODE           	07ED	0000	15

shared estimated size: 33

clcd.c
		_clcd_write    		CODE           	0ED6	0000	54
		_clcd_print    		CODE           	0EA7	0000	47
		_clcd_putch    		CODE           	0DFB	0000	21
		_init_display_controller		CODE           	0F42	0000	87
		_init_clcd     		CODE           	0DD3	0000	11

clcd.c estimated size: 220

main.c
		_door_status_check		CODE           	0F0C	0000	54
		_main          		CODE           	02F2	0000	258
		_set_temp      		CODE           	05E7	0000	518
		_clear_display 		CODE           	0DC3	0000	8
		_cooking_mode_display		CODE           	0E7A	0000	45
		_power_on_screen		CODE           	005F	0000	110
		_set_time      		CODE           	03F4	0000	499
		_opearation_call		CODE           	00CD	0000	156
		_init_config   		CODE           	0E10	0000	30
		_time_display  		CODE           	0215	0000	221

main.c estimated size: 1899

C:\Program Files\Microchip\xc8\v2.45\pic\sources\c99\common\awdiv.c
		___awdiv       		CODE           	0F99	0000	103

C:\Program Files\Microchip\xc8\v2.45\pic\sources\c99\common\awdiv.c estimated size: 103

